09:47:45 - INFO - setup_logging -	 Logging initialized. Logging to test.log
09:47:45 - INFO - main -	 Starting Audio Recorder application
09:47:45 - INFO - __init__ -	 Application initialized in IDLE state
09:47:45 - DEBUG - __init__ -	 AudioProcessor initialized
09:47:46 - INFO - _initialize_asr -	 ASR engine initialized with backend: openai-api
09:47:46 - DEBUG - __init__ -	 TranscriptionService initialized
09:47:46 - INFO - __init__ -	 Main window initialized
09:47:46 - INFO - __init__ -	 Recording panel initialized
09:47:47 - DEBUG - __init__ -	 Transcript panel initialized
09:47:47 - INFO - __init__ -	 AppController initialized
09:47:47 - INFO - main -	 Starting main loop
09:47:55 - DEBUG - activate_simulation -	 Preparing audio simulation (function called)
09:47:55 - DEBUG - set_state -	 State changed: IDLE -> SIMULATING
09:47:55 - DEBUG - emit -	 Emitting event update_status
09:47:55 - INFO - on_update_status -	 Staus update:Converting audio to mono...
09:47:55 - DEBUG - emit -	 Emitting event update_status
09:47:55 - INFO - on_update_status -	 Staus update:Resampling audio to 16 kHz...
09:47:55 - DEBUG - emit -	 Emitting event update_status
09:47:55 - INFO - on_update_status -	 Staus update:Streaming simulated audio...
09:48:04 - DEBUG - emit -	 Emitting event update_transcription
09:48:04 - INFO - on_update_transcription -	 Transcription: Introducing OpenAI's Groundbreaking Militia
09:48:04 - DEBUG - simulate_audio_stream -	 ASR Output: Introducing OpenAI's Groundbreaking Militia
09:48:07 - DEBUG - set_state -	 State changed: SIMULATING -> IDLE
09:48:07 - DEBUG - emit -	 Emitting event update_status
09:48:07 - INFO - on_update_status -	 Staus update:Simulation stopped.
09:48:10 - INFO - on_closing -	 Application closing
09:48:10 - INFO - cleanup -	 AudioProcessor resources cleaned up
on closing
09:48:10 - INFO - cleanup -	 AudioProcessor resources cleaned up
